// Vitest Snapshot v1, https://vitest.dev/guide/snapshot.html

exports[`InputSegmented > matches snapshot 1`] = `"<div class="seg" role="radiogroup"><button class="on" type="button" role="radio" aria-checked="true">a</button><button class="" type="button" role="radio" aria-checked="false">b</button><button class="" type="button" role="radio" aria-checked="false">c</button></div>"`;
